---
source: tests/test.rs
expression: run_result.output

---
(HOST) DEBUG vector table: VectorTable { location: 0, initial_stack_pointer: 2003fbc8, reset: 101, hard_fault: 13e5 }
(HOST) DEBUG RAM region: 0x20000000-0x2003FFFF
(HOST) DEBUG section `.data` is in RAM at 0x2003FBC8 ..= 0x2003FBF7
(HOST) DEBUG section `.bss` is in RAM at 0x2003FBF8 ..= 0x2003FBFB
(HOST) DEBUG section `.uninit` is in RAM at 0x2003FBFC ..= 0x2003FFFB
(HOST) DEBUG valid SP range: 0x20000000 ..= 0x2003FBC7
(HOST) DEBUG found 1 probes
(HOST) DEBUG opened probe
(HOST) DEBUG started session
(HOST) INFO  flashing program (5.82 KiB)
(HOST) INFO  success!
(HOST) DEBUG 261062 bytes of stack available (0x20000000 ..= 0x2003FBC7), using 1024 byte canary
(HOST) TRACE setting up canary took 0.013s (75.91 KiB/s)
(HOST) DEBUG starting device
(HOST) DEBUG Successfully attached RTT
────────────────────────────────────────────────────────────────────────────────
 INFO  main
 ERROR panicked at 'explicit panic'
────────────────────────────────────────────────────────────────────────────────
(HOST) TRACE reading canary took 0.012s (83.93 KiB/s)
(HOST) DEBUG stack canary intact
(HOST) DEBUG LR=0xFFFFFFF9 PC=0x000013E4
(HOST) DEBUG LR=0x000006FF PC=0x0000071C
(HOST) DEBUG update_cfa: CFA changed Some(2003fb68) -> 2003fb70
(HOST) DEBUG LR=0x00000709 PC=0x000006FE
(HOST) DEBUG update_cfa: CFA changed Some(2003fb70) -> 2003fb78
(HOST) DEBUG LR=0x000005C5 PC=0x00000708
(HOST) DEBUG update_cfa: CFA changed Some(2003fb78) -> 2003fb80
(HOST) DEBUG LR=0x00000229 PC=0x000005C4
(HOST) DEBUG update_cfa: CFA changed Some(2003fb80) -> 2003fbb0
(HOST) DEBUG LR=0x00000195 PC=0x00000228
(HOST) DEBUG update_cfa: CFA changed Some(2003fbb0) -> 2003fbb8
(HOST) DEBUG LR=0x00000233 PC=0x00000194
(HOST) DEBUG update_cfa: CFA changed Some(2003fbb8) -> 2003fbc0
(HOST) DEBUG LR=0x0000018B PC=0x00000232
(HOST) DEBUG update_cfa: CFA changed Some(2003fbc0) -> 2003fbc8
(HOST) DEBUG LR=0xFFFFFFFF PC=0x0000018A
stack backtrace:
   0: HardFaultTrampoline
      <exception entry>
   1: lib::inline::__udf
        at ./asm/inline.rs:172:5
   2: __udf
        at ./asm/lib.rs:49:17
   3: cortex_m::asm::udf
        at [cortex-m-0.7.2]/src/asm.rs:43:5
   4: _defmt_panic
        at /Users/lottesteenbrink/ferrous/my-app/src/lib.rs:13:5
   5: defmt::export::panic
        at [defmt-0.2.2]/src/export.rs:233:14
   6: panic::__cortex_m_rt_main
        at /Users/lottesteenbrink/ferrous/my-app/src/bin/panic.rs:10:5
   7: main
        at /Users/lottesteenbrink/ferrous/my-app/src/bin/panic.rs:6:1
   8: ResetTrampoline
        at [cortex-m-rt-0.6.14]/src/lib.rs:547:26
   9: Reset
        at [cortex-m-rt-0.6.14]/src/lib.rs:550:13
(HOST) ERROR the program panicked

